// Jest Snapshot v1, https://goo.gl/fbAQLP

exports[`ArticleList should render ArticleList 1`] = `ShallowWrapper {}`;
